{
    "merfish - csv": {
        "content": [
            {
                "0": [
                    [
                        {
                            "id": "merfish_test"
                        },
                        "merfish_test_decoded_spots.csv:md5,73bb8a4215143145560d15e0e8be1bc4"
                    ]
                ],
                "1": [
                    
                ],
                "2": [
                    "versions.yml:md5,74065acdb730aacba1112d6248309b1c"
                ],
                "decoded_peaks": [
                    [
                        {
                            "id": "merfish_test"
                        },
                        "merfish_test_decoded_spots.csv:md5,73bb8a4215143145560d15e0e8be1bc4"
                    ]
                ],
                "versions": [
                    "versions.yml:md5,74065acdb730aacba1112d6248309b1c"
                ]
            }
        ],
        "meta": {
            "nf-test": "0.9.2",
            "nextflow": "24.04.4"
        },
        "timestamp": "2025-03-15T23:00:48.523789213"
    },
    "iss - csv": {
        "content": [
            {
                "0": [
                    [
                        {
                            "id": "iss_test"
                        },
                        "iss_test_decoded_spots.csv:md5,96b1c12b06f1b340e803060a5000e6de"
                    ]
                ],
                "1": [
                    
                ],
                "2": [
                    "versions.yml:md5,74065acdb730aacba1112d6248309b1c"
                ],
                "decoded_peaks": [
                    [
                        {
                            "id": "iss_test"
                        },
                        "iss_test_decoded_spots.csv:md5,96b1c12b06f1b340e803060a5000e6de"
                    ]
                ],
                "versions": [
                    "versions.yml:md5,74065acdb730aacba1112d6248309b1c"
                ]
            }
        ],
        "meta": {
            "nf-test": "0.9.2",
            "nextflow": "24.04.4"
        },
        "timestamp": "2025-03-15T23:00:31.695060821"
    },
    "stub": {
        "content": [
            {
                "0": [
                    [
                        {
                            "id": "merfish_test"
                        },
                        "merfish_test_decoded_spots.csv:md5,d41d8cd98f00b204e9800998ecf8427e"
                    ]
                ],
                "1": [
                    
                ],
                "2": [
                    "versions.yml:md5,74065acdb730aacba1112d6248309b1c"
                ],
                "decoded_peaks": [
                    [
                        {
                            "id": "merfish_test"
                        },
                        "merfish_test_decoded_spots.csv:md5,d41d8cd98f00b204e9800998ecf8427e"
                    ]
                ],
                "versions": [
                    "versions.yml:md5,74065acdb730aacba1112d6248309b1c"
                ]
            }
        ],
        "meta": {
            "nf-test": "0.9.2",
            "nextflow": "24.04.4"
        },
        "timestamp": "2025-03-15T23:01:04.320288589"
    }
}