{
    "mouse_heart - tiff - stub": {
        "content": [
            {
                "0": [
                    [
                        {
                            "id": "test"
                        },
                        "test_tile_coords.csv:md5,d41d8cd98f00b204e9800998ecf8427e"
                    ]
                ],
                "1": [
                    "versions.yml:md5,31c29985a7b71d21b5e6eb2c4eabb930"
                ],
                "tile_coords": [
                    [
                        {
                            "id": "test"
                        },
                        "test_tile_coords.csv:md5,d41d8cd98f00b204e9800998ecf8427e"
                    ]
                ],
                "versions": [
                    "versions.yml:md5,31c29985a7b71d21b5e6eb2c4eabb930"
                ]
            }
        ],
        "meta": {
            "nf-test": "0.9.2",
            "nextflow": "24.04.4"
        },
        "timestamp": "2025-02-07T13:38:28.365488933"
    },
    "mouse_heart - tiff": {
        "content": [
            {
                "0": [
                    [
                        {
                            "id": "test"
                        },
                        "test_tile_coords.csv:md5,736ea44566b4ff52f7bcf1d46078152b"
                    ]
                ],
                "1": [
                    "versions.yml:md5,31c29985a7b71d21b5e6eb2c4eabb930"
                ],
                "tile_coords": [
                    [
                        {
                            "id": "test"
                        },
                        "test_tile_coords.csv:md5,736ea44566b4ff52f7bcf1d46078152b"
                    ]
                ],
                "versions": [
                    "versions.yml:md5,31c29985a7b71d21b5e6eb2c4eabb930"
                ]
            }
        ],
        "meta": {
            "nf-test": "0.9.2",
            "nextflow": "24.04.4"
        },
        "timestamp": "2025-02-07T13:38:20.806020835"
    }
}