{
    "mouse_heart - tiff - out of index": {
        "content": [
            {
                "0": [
                    
                ],
                "1": [
                    
                ],
                "peaks": [
                    
                ],
                "versions": [
                    
                ]
            }
        ],
        "meta": {
            "nf-test": "0.9.2",
            "nextflow": "24.04.4"
        },
        "timestamp": "2025-02-06T23:08:08.717207164"
    },
    "mouse_heart - tiff - stub": {
        "content": [
            {
                "0": [
                    [
                        {
                            "id": "mouse_heart"
                        },
                        0,
                        "ch_0_peaks_Y0_X0.csv:md5,d41d8cd98f00b204e9800998ecf8427e"
                    ]
                ],
                "1": [
                    "versions.yml:md5,66e09e2d1d4c11e7897cf031180a176e"
                ],
                "peaks": [
                    [
                        {
                            "id": "mouse_heart"
                        },
                        0,
                        "ch_0_peaks_Y0_X0.csv:md5,d41d8cd98f00b204e9800998ecf8427e"
                    ]
                ],
                "versions": [
                    "versions.yml:md5,66e09e2d1d4c11e7897cf031180a176e"
                ]
            }
        ],
        "meta": {
            "nf-test": "0.9.2",
            "nextflow": "24.04.4"
        },
        "timestamp": "2025-02-06T23:07:09.393953748"
    },
    "mouse_heart - tiff": {
        "content": [
            {
                "0": [
                    [
                        {
                            "id": "mouse_heart"
                        },
                        0,
                        "ch_0_peaks_Y0_X0.csv:md5,a1a930de917429f510577aa17970aaa6"
                    ]
                ],
                "1": [
                    "versions.yml:md5,66e09e2d1d4c11e7897cf031180a176e"
                ],
                "peaks": [
                    [
                        {
                            "id": "mouse_heart"
                        },
                        0,
                        "ch_0_peaks_Y0_X0.csv:md5,a1a930de917429f510577aa17970aaa6"
                    ]
                ],
                "versions": [
                    "versions.yml:md5,66e09e2d1d4c11e7897cf031180a176e"
                ]
            }
        ],
        "meta": {
            "nf-test": "0.9.2",
            "nextflow": "24.04.4"
        },
        "timestamp": "2025-02-06T23:06:51.527569447"
    },
    "mouse_heart - tiff - 500": {
        "content": [
            {
                "0": [
                    [
                        {
                            "id": "mouse_heart"
                        },
                        0,
                        "ch_0_peaks_Y0_X0.csv:md5,b751ba2081cc127d53c9457f5b15749d"
                    ]
                ],
                "1": [
                    "versions.yml:md5,66e09e2d1d4c11e7897cf031180a176e"
                ],
                "peaks": [
                    [
                        {
                            "id": "mouse_heart"
                        },
                        0,
                        "ch_0_peaks_Y0_X0.csv:md5,b751ba2081cc127d53c9457f5b15749d"
                    ]
                ],
                "versions": [
                    "versions.yml:md5,66e09e2d1d4c11e7897cf031180a176e"
                ]
            }
        ],
        "meta": {
            "nf-test": "0.9.2",
            "nextflow": "24.04.4"
        },
        "timestamp": "2025-02-06T23:09:26.708437893"
    }
}