{
    "stardist - tif - stub": {
        "content": [
            {
                "0": [
                    [
                        {
                            "id": "test"
                        },
                        "test.wkt:md5,d41d8cd98f00b204e9800998ecf8427e"
                    ]
                ],
                "1": [
                    "versions.yml:md5,5e23551522974c6729614a2acbed303a"
                ],
                "versions": [
                    "versions.yml:md5,5e23551522974c6729614a2acbed303a"
                ],
                "wkts": [
                    [
                        {
                            "id": "test"
                        },
                        "test.wkt:md5,d41d8cd98f00b204e9800998ecf8427e"
                    ]
                ]
            }
        ],
        "meta": {
            "nf-test": "0.9.2",
            "nextflow": "24.04.4"
        },
        "timestamp": "2025-02-03T16:43:32.221073551"
    },
    "stardist - tif": {
        "content": [
            {
                "0": [
                    [
                        {
                            "id": "test"
                        },
                        [
                            [
                                "None_sd_outlines.wkt:md5,bb69c9f9a25a1ea5cbab1c658e6278e8"
                            ]
                        ]
                    ]
                ],
                "1": [
                    "versions.yml:md5,5e23551522974c6729614a2acbed303a"
                ],
                "versions": [
                    "versions.yml:md5,5e23551522974c6729614a2acbed303a"
                ],
                "wkts": [
                    [
                        {
                            "id": "test"
                        },
                        [
                            [
                                "None_sd_outlines.wkt:md5,bb69c9f9a25a1ea5cbab1c658e6278e8"
                            ]
                        ]
                    ]
                ]
            }
        ],
        "meta": {
            "nf-test": "0.9.2",
            "nextflow": "24.04.4"
        },
        "timestamp": "2025-02-03T16:43:22.087885704"
    }
}