{
    "stardist - tif - stub": {
        "content": [
            {
                "0": [
                    [
                        {
                            "id": "test"
                        },
                        "test_0_0_500_500_sd_outlines.wkt:md5,d41d8cd98f00b204e9800998ecf8427e"
                    ]
                ],
                "1": [
                    "versions.yml:md5,badd5e6abbb4e33c6ee6bd75bc8612c8"
                ],
                "versions": [
                    "versions.yml:md5,badd5e6abbb4e33c6ee6bd75bc8612c8"
                ],
                "wkts": [
                    [
                        {
                            "id": "test"
                        },
                        "test_0_0_500_500_sd_outlines.wkt:md5,d41d8cd98f00b204e9800998ecf8427e"
                    ]
                ]
            }
        ],
        "meta": {
            "nf-test": "0.9.2",
            "nextflow": "24.04.4"
        },
        "timestamp": "2025-02-11T09:43:53.533814895"
    },
    "stardist - tif": {
        "content": [
            {
                "0": [
                    [
                        {
                            "id": "test"
                        },
                        "test_0_0_500_500_sd_outlines.wkt:md5,bb69c9f9a25a1ea5cbab1c658e6278e8"
                    ]
                ],
                "1": [
                    "versions.yml:md5,badd5e6abbb4e33c6ee6bd75bc8612c8"
                ],
                "versions": [
                    "versions.yml:md5,badd5e6abbb4e33c6ee6bd75bc8612c8"
                ],
                "wkts": [
                    [
                        {
                            "id": "test"
                        },
                        "test_0_0_500_500_sd_outlines.wkt:md5,bb69c9f9a25a1ea5cbab1c658e6278e8"
                    ]
                ]
            }
        ],
        "meta": {
            "nf-test": "0.9.2",
            "nextflow": "24.04.4"
        },
        "timestamp": "2025-02-11T09:43:21.088659066"
    }
}